// Jest Snapshot v1, https://goo.gl/fbAQLP

exports[`Consumer Group empty state renders 1`] = `
<body>
  <div>
    <div
      class="pf-c-empty-state pf-m-lg"
    >
      <div
        class="pf-c-empty-state__content"
      >
        <svg
          aria-hidden="true"
          class="pf-c-empty-state__icon"
          fill="currentColor"
          height="1em"
          role="img"
          style="vertical-align: -0.125em;"
          viewBox="0 0 512 512"
          width="1em"
        >
          <path
            d="M505 442.7L405.3 343c-4.5-4.5-10.6-7-17-7H372c27.6-35.3 44-79.7 44-128C416 93.1 322.9 0 208 0S0 93.1 0 208s93.1 208 208 208c48.3 0 92.7-16.4 128-44v16.3c0 6.4 2.5 12.5 7 17l99.7 99.7c9.4 9.4 24.6 9.4 33.9 0l28.3-28.3c9.4-9.4 9.4-24.6.1-34zM208 336c-70.7 0-128-57.2-128-128 0-70.7 57.2-128 128-128 70.7 0 128 57.2 128 128 0 70.7-57.2 128-128 128z"
          />
        </svg>
        <h2
          class="pf-c-title pf-m-lg"
          data-ouia-component-id="OUIA-Generated-Title-1"
          data-ouia-component-type="PF4/Title"
          data-ouia-safe="true"
        >
          No results found
        </h2>
        <div
          class="pf-c-empty-state__body"
        >
          No results match the filter criteria. Remove filter or clear all filters to show results.
        </div>
      </div>
    </div>
  </div>
  <div>
    <ul
      aria-atomic="false"
      aria-live="polite"
      class="pf-c-alert-group pf-m-toast"
    />
  </div>
</body>
`;
