// Jest Snapshot v1, https://goo.gl/fbAQLP

exports[`DataSciencePage open modal in create mode 1`] = `
<div
  class="pf-c-modal-box__body"
  data-testid="data-science-modal"
>
  <div
    class="pf-c-content"
  >
    <p
      class=""
      data-ouia-component-id="OUIA-Generated-Text-32"
      data-ouia-component-type="PF4/Text"
      data-ouia-safe="true"
      data-pf-content="true"
    >
      To create a new cluster, you'll be redirected to Cluster Manager. Don't worry, you'll be redirected back here afterwards so you can install OpenShift Data Science.
    </p>
  </div>
</div>
`;

exports[`DataSciencePage renders 1`] = `
<body>
  <div>
    <section
      class="pf-c-page__main-section pf-m-light appsrv-marketing--banner pf-u-background-color-100"
      style="--appsrv-marketing--banner--before--BackgroundImage: url(dummyimage); --appsrv-marketing--banner--before--BackgroundSize: 478px; --appsrv-marketing--banner--before--BackgroundRepeat: no-repeat; --appsrv-marketing--banner--before--BackgroundPositionY: -99px;"
    >
      <div
        class="pf-l-stack pf-m-gutter"
      >
        <h1
          class="pf-c-title pf-m-2xl"
          data-ouia-component-id="OUIA-Generated-Title-1"
          data-ouia-component-type="PF4/Title"
          data-ouia-safe="true"
        >
          Get started with Red Hat OpenShift Data Science
        </h1>
        <p
          class="appsrv-marketing--banner__tagline pf-u-color-200"
          data-ouia-component-id="OUIA-Generated-Text-1"
          data-ouia-component-type="PF4/Text"
          data-ouia-safe="true"
          data-pf-content="true"
        >
          Add-on service for managed OpenShift
        </p>
        <p
          class=""
          data-ouia-component-id="OUIA-Generated-Text-2"
          data-ouia-component-type="PF4/Text"
          data-ouia-safe="true"
          data-pf-content="true"
        >
          Accelerate your data science. OpenShift Data Science is a managed cloud service for data scientists and developers of intelligent applications. Within a fully supported sandbox, it allows businesses to rapidly develop, train, and test artificial intelligence (AI) and machine learning (ML) models using Red Hat and partner technology.
        </p>
        <div
          class="pf-l-stack__item"
        >
          <div
            class="pf-l-flex"
          >
            <button
              aria-disabled="false"
              class="pf-c-button pf-m-primary"
              data-ouia-component-id="button-rhods-install"
              data-ouia-component-type="PF4/Button"
              data-ouia-safe="true"
              data-testid="hero-buttonInstall"
              type="button"
            >
              Install it on a cluster
            </button>
            <a
              aria-disabled="false"
              class="pf-c-button pf-m-link pf-m-inline"
              data-ouia-component-id="button-rhods-try"
              data-ouia-component-type="PF4/Button"
              data-ouia-safe="true"
              data-testid="hero-buttonTry"
              href="https://developers.redhat.com/products/red-hat-openshift-data-science/getting-started?extIdCarryOver=true&sc_cid=701f2000001Css5AAC"
              target="_blank"
            >
              Try it in the sandbox
              <span
                style="white-space: nowrap;"
              >
                 
                <svg
                  aria-hidden="true"
                  fill="currentColor"
                  height="1em"
                  role="img"
                  style="vertical-align: -0.125em;"
                  viewBox="0 0 512 512"
                  width="1em"
                >
                  <path
                    d="M432,320H400a16,16,0,0,0-16,16V448H64V128H208a16,16,0,0,0,16-16V80a16,16,0,0,0-16-16H48A48,48,0,0,0,0,112V464a48,48,0,0,0,48,48H400a48,48,0,0,0,48-48V336A16,16,0,0,0,432,320ZM488,0h-128c-21.37,0-32.05,25.91-17,41l35.73,35.73L135,320.37a24,24,0,0,0,0,34L157.67,377a24,24,0,0,0,34,0L435.28,133.32,471,169c15,15,41,4.5,41-17V24A24,24,0,0,0,488,0Z"
                  />
                </svg>
              </span>
            </a>
          </div>
        </div>
      </div>
    </section>
    <section
      class="pf-c-page__main-section pf-m-limit-width appsrv-marketing--page-section--marketing"
    >
      <div
        class="pf-c-page__main-body"
      >
        <div
          class="pf-l-grid pf-m-gutter"
        >
          <div
            class="pf-l-grid__item pf-m-5-col-on-md"
          >
            <div
              class="pf-l-stack pf-m-gutter"
            >
              <div
                class="pf-l-stack__item"
              >
                <div
                  class="pf-c-content"
                >
                  <h3
                    class="pf-c-title pf-m-xl pf-u-mb-lg"
                    data-ouia-component-id="OUIA-Generated-Title-2"
                    data-ouia-component-type="PF4/Title"
                    data-ouia-safe="true"
                  >
                    Demo of Red Hat OpenShift Data Science
                  </h3>
                  <p
                    class="pf-u-mr-md"
                    data-ouia-component-id="OUIA-Generated-Text-3"
                    data-ouia-component-type="PF4/Text"
                    data-ouia-safe="true"
                    data-pf-content="true"
                  >
                    In this video you’ll learn how to quickly build and deploy artificial intelligence and machine learning models using Red Hat and partner technology tools.
                  </p>
                </div>
              </div>
              <div
                class="pf-l-stack__item"
              >
                <a
                  aria-disabled="false"
                  class="pf-c-button pf-m-secondary"
                  data-ouia-component-id="OUIA-Generated-Button-secondary-1"
                  data-ouia-component-type="PF4/Button"
                  data-ouia-safe="true"
                  data-testid="CTA-videoRHODSDemo"
                  href="https://www.openshift.com/DataScienceVideoDemo"
                  target="_blank"
                >
                  View the demo
                   
                  <svg
                    aria-hidden="true"
                    class="pf-u-ml-sm"
                    fill="currentColor"
                    height="1em"
                    role="img"
                    style="vertical-align: -0.125em;"
                    viewBox="0 0 512 512"
                    width="1em"
                  >
                    <path
                      d="M432,320H400a16,16,0,0,0-16,16V448H64V128H208a16,16,0,0,0,16-16V80a16,16,0,0,0-16-16H48A48,48,0,0,0,0,112V464a48,48,0,0,0,48,48H400a48,48,0,0,0,48-48V336A16,16,0,0,0,432,320ZM488,0h-128c-21.37,0-32.05,25.91-17,41l35.73,35.73L135,320.37a24,24,0,0,0,0,34L157.67,377a24,24,0,0,0,34,0L435.28,133.32,471,169c15,15,41,4.5,41-17V24A24,24,0,0,0,488,0Z"
                    />
                  </svg>
                </a>
              </div>
            </div>
          </div>
          <div
            class="pf-l-grid__item pf-m-7-col-on-md"
          >
            <article
              class="pf-c-card appsrv-marketing--video"
              data-ouia-component-id="OUIA-Generated-Card-1"
              data-ouia-component-type="PF4/Card"
              data-ouia-safe="true"
              id=""
            >
              <div
                class="appsrv-marketing--video__wrapper"
              >
                <iframe
                  allow="accelerometer; autoplay; clipboard-write; encrypted-media; gyroscope; picture-in-picture"
                  allowfullscreen=""
                  frameborder="0"
                  src="https://www.youtube.com/embed/joK89xYeuUY"
                  title="Demo of Red Hat OpenShift Data Science"
                />
              </div>
            </article>
          </div>
        </div>
      </div>
    </section>
  </div>
  <div>
    <ul
      aria-atomic="false"
      aria-live="polite"
      class="pf-c-alert-group pf-m-toast"
    />
  </div>
  <div />
</body>
`;
