// Jest Snapshot v1, https://goo.gl/fbAQLP

exports[`KafkaPage renders 1`] = `
<body>
  <div>
    <section
      class="pf-c-page__main-section pf-m-light appsrv-marketing--banner pf-u-background-color-100"
      style="--appsrv-marketing--banner--before--BackgroundImage: url(dummyimage); --appsrv-marketing--banner--before--BackgroundSize: 478px; --appsrv-marketing--banner--before--BackgroundRepeat: no-repeat; --appsrv-marketing--banner--before--BackgroundPositionY: -99px;"
    >
      <div
        class="pf-l-stack pf-m-gutter"
      >
        <h1
          class="pf-c-title pf-m-2xl"
          data-ouia-component-id="OUIA-Generated-Title-1"
          data-ouia-component-type="PF4/Title"
          data-ouia-safe="true"
        >
          Get started with Red Hat OpenShift Streams for Apache Kafka
        </h1>
        <p
          class="appsrv-marketing--banner__tagline pf-u-color-200"
          data-ouia-component-id="OUIA-Generated-Text-1"
          data-ouia-component-type="PF4/Text"
          data-ouia-safe="true"
          data-pf-content="true"
        >
          Fully hosted and managed service for stream-based applications
        </p>
        <p
          class=""
          data-ouia-component-id="OUIA-Generated-Text-2"
          data-ouia-component-type="PF4/Text"
          data-ouia-safe="true"
          data-pf-content="true"
        >
          Red Hat OpenShift Streams for Apache Kafka is a managed cloud service that provides a streamlined developer experience for building, deploying, and scaling real-time applications in hybrid-cloud environments. The combination of seamless operations across distributed microservices, large data transfer volumes, and managed operations allows teams to focus on core competencies, accelerate application velocity and reduce operational cost.
        </p>
      </div>
    </section>
    <section
      class="pf-c-page__main-section pf-m-limit-width appsrv-marketing--page-section--marketing"
    >
      <div
        class="pf-c-page__main-body"
      >
        <div
          class="pf-l-grid pf-m-all-6-col-on-lg pf-m-gutter"
        >
          <article
            aria-label="Purchase now"
            class="pf-c-card"
            data-ouia-component-id="card-overview-purchase-now"
            data-ouia-component-type="PF4/Card"
            data-ouia-safe="true"
            id=""
          >
            <div
              class="pf-c-card__header"
            >
              <div
                class=""
              >
                <div
                  class="pf-c-card__title"
                >
                  <h3
                    class="pf-c-title pf-m-lg"
                    data-ouia-component-id="OUIA-Generated-Title-2"
                    data-ouia-component-type="PF4/Title"
                    data-ouia-safe="true"
                  >
                    Purchase now
                  </h3>
                </div>
              </div>
            </div>
            <div
              class="pf-c-card__body"
            >
              Use Red Hat Marketplace to purchase a pay-as-you-go subscription for up to 25 streaming units. Purchasing through Red Hat Marketplace is only available in the United States and Canada.
            </div>
            <div
              class="pf-c-card__footer"
            >
              <a
                aria-disabled="false"
                class="pf-c-button pf-m-secondary"
                data-ouia-component-id="link-purchase-now"
                data-ouia-component-type="PF4/Button"
                data-ouia-safe="true"
                data-testid="cardPurchase-buttonCTA"
                href="https://marketplace.redhat.com/en-us/products/red-hat-openshift-streams-for-apache-kafka"
                target="_blank"
              >
                Purchase now
                <svg
                  aria-hidden="true"
                  class="pf-u-ml-md"
                  fill="currentColor"
                  height="1em"
                  role="img"
                  style="vertical-align: -0.125em;"
                  viewBox="0 0 512 512"
                  width="1em"
                >
                  <path
                    d="M432,320H400a16,16,0,0,0-16,16V448H64V128H208a16,16,0,0,0,16-16V80a16,16,0,0,0-16-16H48A48,48,0,0,0,0,112V464a48,48,0,0,0,48,48H400a48,48,0,0,0,48-48V336A16,16,0,0,0,432,320ZM488,0h-128c-21.37,0-32.05,25.91-17,41l35.73,35.73L135,320.37a24,24,0,0,0,0,34L157.67,377a24,24,0,0,0,34,0L435.28,133.32,471,169c15,15,41,4.5,41-17V24A24,24,0,0,0,488,0Z"
                  />
                </svg>
              </a>
            </div>
          </article>
          <article
            aria-label="Contact sales"
            class="pf-c-card"
            data-ouia-component-id="card-overview-contact-sales"
            data-ouia-component-type="PF4/Card"
            data-ouia-safe="true"
            id=""
          >
            <div
              class="pf-c-card__header"
            >
              <div
                class="pf-c-card__title"
              >
                <h3
                  class="pf-c-title pf-m-lg"
                  data-ouia-component-id="OUIA-Generated-Title-3"
                  data-ouia-component-type="PF4/Title"
                  data-ouia-safe="true"
                >
                  Contact sales
                </h3>
              </div>
            </div>
            <div
              class="pf-c-card__body"
            >
              Contact sales to get a pre-paid subscription or modify limits of your current subscription. Pre-paid subscriptions are available to customers in any location, including locations outside the United States and Canada.
            </div>
            <div
              class="pf-c-card__footer"
            >
              <a
                aria-disabled="false"
                class="pf-c-button pf-m-secondary"
                data-ouia-component-id="link-contact-sales"
                data-ouia-component-type="PF4/Button"
                data-ouia-safe="true"
                data-testid="cardContactSales-buttonCTA"
                href="https://www.redhat.com/en/technologies/cloud-computing/openshift/openshift-streams-for-apache-kafka#contact-sales"
                target="_blank"
              >
                Contact sales
                <svg
                  aria-hidden="true"
                  class="pf-u-ml-md"
                  fill="currentColor"
                  height="1em"
                  role="img"
                  style="vertical-align: -0.125em;"
                  viewBox="0 0 512 512"
                  width="1em"
                >
                  <path
                    d="M432,320H400a16,16,0,0,0-16,16V448H64V128H208a16,16,0,0,0,16-16V80a16,16,0,0,0-16-16H48A48,48,0,0,0,0,112V464a48,48,0,0,0,48,48H400a48,48,0,0,0,48-48V336A16,16,0,0,0,432,320ZM488,0h-128c-21.37,0-32.05,25.91-17,41l35.73,35.73L135,320.37a24,24,0,0,0,0,34L157.67,377a24,24,0,0,0,34,0L435.28,133.32,471,169c15,15,41,4.5,41-17V24A24,24,0,0,0,488,0Z"
                  />
                </svg>
              </a>
            </div>
          </article>
        </div>
      </div>
    </section>
  </div>
  <div>
    <ul
      aria-atomic="false"
      aria-live="polite"
      class="pf-c-alert-group pf-m-toast"
    />
  </div>
</body>
`;
