// Jest Snapshot v1, https://goo.gl/fbAQLP

exports[`OverviewPage renders 1`] = `
<body>
  <div>
    <section
      class="pf-c-page__main-section pf-m-dark-200 appsrv-marketing--banner pf-u-background-color-dark-100"
      style="--appsrv-marketing--banner--before--BackgroundImage: url(dummyimage); --appsrv-marketing--banner--before--BackgroundSize: 678px; --appsrv-marketing--banner--before--BackgroundRepeat: repeat; --appsrv-marketing--banner--before--BackgroundPositionY: 0px;"
    >
      <div
        class="pf-l-stack pf-m-gutter"
      >
        <h1
          class="pf-c-title pf-m-2xl"
          data-ouia-component-id="OUIA-Generated-Title-1"
          data-ouia-component-type="PF4/Title"
          data-ouia-safe="true"
        >
          Get started with Red Hat OpenShift Application and Data Services
        </h1>
        <p
          class="appsrv-marketing--banner__tagline "
          data-ouia-component-id="OUIA-Generated-Text-1"
          data-ouia-component-type="PF4/Text"
          data-ouia-safe="true"
          data-pf-content="true"
        >
          Cloud services for managed OpenShift
        </p>
        <p
          class=""
          data-ouia-component-id="OUIA-Generated-Text-2"
          data-ouia-component-type="PF4/Text"
          data-ouia-safe="true"
          data-pf-content="true"
        >
          Red Hat OpenShift Application and Data Services streamline the hybrid cloud experience, reducing the operational cost and complexity of delivering cloud-native applications.
        </p>
      </div>
    </section>
    <section
      class="pf-c-page__main-section pf-m-limit-width appsrv-marketing--page-section--marketing"
    >
      <div
        class="pf-c-page__main-body"
      >
        <div
          class="pf-l-grid pf-m-all-6-col-on-md pf-m-all-3-col-on-lg pf-m-gutter"
        >
          <article
            class="pf-c-card"
            data-ouia-component-id="OUIA-Generated-Card-1"
            data-ouia-component-type="PF4/Card"
            data-ouia-safe="true"
            id=""
          >
            <div
              class="pf-c-card__header"
            >
              <div
                class=""
              >
                <img
                  alt="Red Hat OpenShift API Management logo"
                  src="dummyimage"
                  style="height: 50px;"
                />
              </div>
            </div>
            <div
              class="pf-c-card__title"
            >
              <h2
                class="pf-c-title pf-m-xl"
                data-ouia-component-id="OUIA-Generated-Title-2"
                data-ouia-component-type="PF4/Title"
                data-ouia-safe="true"
              >
                Red Hat OpenShift API Management
              </h2>
            </div>
            <div
              class="pf-c-card__body"
            >
              <div
                class="pf-l-stack pf-m-gutter"
              >
                <div
                  class="pf-l-stack__item"
                >
                  API Management supports application development teams that want to take an API-first approach to building microservices-based applications.
                </div>
                <div
                  class="pf-l-stack__item pf-u-color-200"
                >
                  This service is hosted and managed by Red Hat as an add-on for managed
                   
                  <a
                    aria-disabled="false"
                    class="pf-c-button pf-m-link pf-m-inline"
                    data-ouia-component-id="OUIA-Generated-Button-link-1"
                    data-ouia-component-type="PF4/Button"
                    data-ouia-safe="true"
                    data-testid="cardRHOAM-linkOpenShift"
                    href="https://openshift.com"
                    target="_blank"
                  >
                    OpenShift
                    <svg
                      aria-hidden="true"
                      class="pf-u-ml-xs"
                      fill="currentColor"
                      height="1em"
                      role="img"
                      style="vertical-align: -0.125em;"
                      viewBox="0 0 512 512"
                      width="1em"
                    >
                      <path
                        d="M432,320H400a16,16,0,0,0-16,16V448H64V128H208a16,16,0,0,0,16-16V80a16,16,0,0,0-16-16H48A48,48,0,0,0,0,112V464a48,48,0,0,0,48,48H400a48,48,0,0,0,48-48V336A16,16,0,0,0,432,320ZM488,0h-128c-21.37,0-32.05,25.91-17,41l35.73,35.73L135,320.37a24,24,0,0,0,0,34L157.67,377a24,24,0,0,0,34,0L435.28,133.32,471,169c15,15,41,4.5,41-17V24A24,24,0,0,0,488,0Z"
                      />
                    </svg>
                  </a>
                  .
                </div>
              </div>
            </div>
            <div
              class="pf-c-card__footer"
            >
              <a
                aria-disabled="false"
                class="pf-c-button pf-m-secondary"
                data-ouia-component-id="OUIA-Generated-Button-secondary-1"
                data-ouia-component-type="PF4/Button"
                data-ouia-safe="true"
                data-testid="cardRHOAM-buttonCTA"
                href="https://developers.redhat.com/products/rhoam/getting-started"
                target="_blank"
              >
                Get started
                 
                <svg
                  aria-hidden="true"
                  class="pf-u-ml-sm"
                  fill="currentColor"
                  height="1em"
                  role="img"
                  style="vertical-align: -0.125em;"
                  viewBox="0 0 512 512"
                  width="1em"
                >
                  <path
                    d="M432,320H400a16,16,0,0,0-16,16V448H64V128H208a16,16,0,0,0,16-16V80a16,16,0,0,0-16-16H48A48,48,0,0,0,0,112V464a48,48,0,0,0,48,48H400a48,48,0,0,0,48-48V336A16,16,0,0,0,432,320ZM488,0h-128c-21.37,0-32.05,25.91-17,41l35.73,35.73L135,320.37a24,24,0,0,0,0,34L157.67,377a24,24,0,0,0,34,0L435.28,133.32,471,169c15,15,41,4.5,41-17V24A24,24,0,0,0,488,0Z"
                  />
                </svg>
              </a>
            </div>
          </article>
          <article
            class="pf-c-card"
            data-ouia-component-id="OUIA-Generated-Card-2"
            data-ouia-component-type="PF4/Card"
            data-ouia-safe="true"
            id=""
          >
            <div
              class="pf-c-card__header"
            >
              <div
                class=""
              >
                <img
                  alt="Red Hat OpenShift Data Science logo"
                  src="dummyimage"
                  style="height: 50px;"
                />
              </div>
            </div>
            <div
              class="pf-c-card__title"
            >
              <h2
                class="pf-c-title pf-m-xl"
                data-ouia-component-id="OUIA-Generated-Title-3"
                data-ouia-component-type="PF4/Title"
                data-ouia-safe="true"
              >
                Red Hat OpenShift Data Science
              </h2>
            </div>
            <div
              class="pf-c-card__body"
            >
              <div
                class="pf-l-stack pf-m-gutter"
              >
                <div
                  class="pf-l-stack__item"
                >
                  Data Science provides a fully-supported sandbox to rapidly develop, train, and test containerized machine learning models in the public cloud before deploying in production.
                </div>
                <div
                  class="pf-l-stack__item pf-u-color-200"
                >
                  This service is hosted and managed by Red Hat as an add-on for managed
                   
                  <a
                    aria-disabled="false"
                    class="pf-c-button pf-m-link pf-m-inline"
                    data-ouia-component-id="OUIA-Generated-Button-link-2"
                    data-ouia-component-type="PF4/Button"
                    data-ouia-safe="true"
                    data-testid="cardRHODS-linkOpenShift"
                    href="https://openshift.com"
                    target="_blank"
                  >
                     
                    OpenShift
                    <svg
                      aria-hidden="true"
                      class="pf-u-ml-xs"
                      fill="currentColor"
                      height="1em"
                      role="img"
                      style="vertical-align: -0.125em;"
                      viewBox="0 0 512 512"
                      width="1em"
                    >
                      <path
                        d="M432,320H400a16,16,0,0,0-16,16V448H64V128H208a16,16,0,0,0,16-16V80a16,16,0,0,0-16-16H48A48,48,0,0,0,0,112V464a48,48,0,0,0,48,48H400a48,48,0,0,0,48-48V336A16,16,0,0,0,432,320ZM488,0h-128c-21.37,0-32.05,25.91-17,41l35.73,35.73L135,320.37a24,24,0,0,0,0,34L157.67,377a24,24,0,0,0,34,0L435.28,133.32,471,169c15,15,41,4.5,41-17V24A24,24,0,0,0,488,0Z"
                      />
                    </svg>
                  </a>
                  .
                </div>
              </div>
            </div>
            <div
              class="pf-c-card__footer"
            >
              <a
                aria-disabled="false"
                class="pf-c-button pf-m-secondary"
                data-ouia-component-id="button-rhods-tryit"
                data-ouia-component-type="PF4/Button"
                data-ouia-safe="true"
                data-testid="cardRHODS-buttonTryIt"
                target="_blank"
              >
                Try it
              </a>
            </div>
          </article>
        </div>
      </div>
    </section>
  </div>
  <div>
    <ul
      aria-atomic="false"
      aria-live="polite"
      class="pf-c-alert-group pf-m-toast"
    />
  </div>
</body>
`;
