// Jest Snapshot v1, https://goo.gl/fbAQLP

exports[`ConnectionTab renders 1`] = `
<body>
  <div>
    <div
      class="mas--details__drawer--tab-content"
    >
      <div
        class="pf-c-content pf-u-pb-sm"
      >
        <small
          class=""
          data-ouia-component-id="OUIA-Generated-Text-1"
          data-ouia-component-type="PF4/Text"
          data-ouia-safe="true"
          data-pf-content="true"
        >
          Your application or tool initially connects to the Kafka instance using the bootstrap server and authenticates with your service account credentials.
        </small>
        <h3
          class="pf-u-mt-lg"
          data-ouia-component-id="OUIA-Generated-Text-2"
          data-ouia-component-type="PF4/Text"
          data-ouia-safe="true"
          data-pf-content="true"
        >
          Bootstrap server
        </h3>
        <small
          class=""
          data-ouia-component-id="OUIA-Generated-Text-3"
          data-ouia-component-type="PF4/Text"
          data-ouia-safe="true"
          data-pf-content="true"
        >
          Establish the initial connection between your client and Kafka instance.
        </small>
        <div
          class="pf-c-clipboard-copy"
          data-testid="drawerStreams-copyBootstrapURL"
        >
          <div
            class="pf-c-clipboard-copy__group"
          >
            <input
              aria-invalid="false"
              aria-label="Bootstrap server"
              class="pf-c-form-control"
              data-ouia-component-id="OUIA-Generated-TextInputBase-1"
              data-ouia-component-type="PF4/TextInput"
              data-ouia-safe="true"
              id="text-input-0"
              type="text"
              value="hema-test-c-k-l-kafka-stage.rhcloud.com:443"
            />
            <button
              aria-disabled="false"
              aria-label="Copy to clipboard"
              aria-labelledby="copy-button-0 text-input-0"
              class="pf-c-button pf-m-control"
              data-ouia-component-id="OUIA-Generated-Button-control-1"
              data-ouia-component-type="PF4/Button"
              data-ouia-safe="true"
              id="copy-button-0"
              type="button"
            >
              <svg
                aria-hidden="true"
                fill="currentColor"
                height="1em"
                role="img"
                style="vertical-align: -0.125em;"
                viewBox="0 0 448 512"
                width="1em"
              >
                <path
                  d="M320 448v40c0 13.255-10.745 24-24 24H24c-13.255 0-24-10.745-24-24V120c0-13.255 10.745-24 24-24h72v296c0 30.879 25.121 56 56 56h168zm0-344V0H152c-13.255 0-24 10.745-24 24v368c0 13.255 10.745 24 24 24h272c13.255 0 24-10.745 24-24V128H344c-13.2 0-24-10.8-24-24zm120.971-31.029L375.029 7.029A24 24 0 0 0 358.059 0H352v96h96v-6.059a24 24 0 0 0-7.029-16.97z"
                />
              </svg>
            </button>
          </div>
        </div>
      </div>
      <div
        class="pf-c-content pf-u-pb-sm"
      >
        <h3
          class="pf-u-mt-xl"
          data-ouia-component-id="OUIA-Generated-Text-4"
          data-ouia-component-type="PF4/Text"
          data-ouia-safe="true"
          data-pf-content="true"
        >
          Service accounts
        </h3>
        <small
          class=""
          data-ouia-component-id="OUIA-Generated-Text-5"
          data-ouia-component-type="PF4/Text"
          data-ouia-safe="true"
          data-pf-content="true"
        >
          Create a service account to generate credentials. Manage the service accounts you create on the 
          <a
            href="/to-service-account"
          >
            Service Accounts
          </a>
           page.
        </small>
      </div>
      <button
        aria-disabled="false"
        class="pf-c-button pf-m-secondary"
        data-ouia-component-id="OUIA-Generated-Button-secondary-1"
        data-ouia-component-type="PF4/Button"
        data-ouia-safe="true"
        type="button"
      >
        Create service account
      </button>
      <div
        class="pf-c-content pf-u-pt-sm"
      >
        <small
          class=""
          data-ouia-component-id="OUIA-Generated-Text-6"
          data-ouia-component-type="PF4/Text"
          data-ouia-safe="true"
          data-pf-content="true"
        >
          Accounts do not have access to this instance unless granted under the instanceâ€™s 
          <a
            href="/to-access-tab"
          >
            Access tab
          </a>
          . The owner, the organization administrator, or users with the Allow Alter permission on this instance can manage access.
        </small>
      </div>
      <div
        class="pf-c-content pf-u-pb-sm"
      >
        <h3
          class="pf-u-mt-xl"
          data-ouia-component-id="OUIA-Generated-Text-7"
          data-ouia-component-type="PF4/Text"
          data-ouia-safe="true"
          data-pf-content="true"
        >
          Authentication method
        </h3>
        <h4
          class="pf-u-mt-md"
          data-ouia-component-id="OUIA-Generated-Text-8"
          data-ouia-component-type="PF4/Text"
          data-ouia-safe="true"
          data-pf-content="true"
        >
          SASL/OAUTHBEARER
           
          <span
            class="pf-c-label pf-m-green"
          >
            <span
              class="pf-c-label__content"
            >
              Recommended
            </span>
          </span>
          <button
            aria-disabled="false"
            aria-label="More information about SASL/OAUTHBEARER"
            class="pf-c-button pf-m-plain"
            data-ouia-component-id="OUIA-Generated-Button-plain-1"
            data-ouia-component-type="PF4/Button"
            data-ouia-safe="true"
            type="button"
          >
            <svg
              aria-hidden="true"
              fill="currentColor"
              height="1em"
              role="img"
              style="vertical-align: -0.125em;"
              viewBox="0 0 1024 1024"
              width="1em"
            >
              <path
                d="M521.3,576 C627.5,576 713.7,502 713.7,413.7 C713.7,325.4 627.6,253.6 521.3,253.6 C366,253.6 334.5,337.7 329.2,407.2 C329.2,414.3 335.2,416 343.5,416 L445,416 C450.5,416 458,415.5 460.8,406.5 C460.8,362.6 582.9,357.1 582.9,413.6 C582.9,441.9 556.2,470.9 521.3,473 C486.4,475.1 447.3,479.8 447.3,521.7 L447.3,553.8 C447.3,570.8 456.1,576 472,576 C487.9,576 521.3,576 521.3,576 M575.3,751.3 L575.3,655.3 C575.313862,651.055109 573.620137,646.982962 570.6,644 C567.638831,640.947672 563.552355,639.247987 559.3,639.29884 L463.3,639.29884 C459.055109,639.286138 454.982962,640.979863 452,644 C448.947672,646.961169 447.247987,651.047645 447.29884,655.3 L447.29884,751.3 C447.286138,755.544891 448.979863,759.617038 452,762.6 C454.961169,765.652328 459.047645,767.352013 463.3,767.30116 L559.3,767.30116 C563.544891,767.313862 567.617038,765.620137 570.6,762.6 C573.659349,759.643612 575.360354,755.553963 575.3,751.3 M512,896 C300.2,896 128,723.9 128,512 C128,300.3 300.2,128 512,128 C723.8,128 896,300.2 896,512 C896,723.8 723.7,896 512,896 M512.1,0 C229.7,0 0,229.8 0,512 C0,794.2 229.8,1024 512.1,1024 C794.4,1024 1024,794.3 1024,512 C1024,229.7 794.4,0 512.1,0"
              />
            </svg>
          </button>
        </h4>
        <small
          class=""
          data-ouia-component-id="OUIA-Generated-Text-9"
          data-ouia-component-type="PF4/Text"
          data-ouia-safe="true"
          data-pf-content="true"
        >
          Use your service account credentials and a token endpoint URL to authenticate your client with the Kafka instance.
        </small>
        <h6
          class="pf-u-mt-md"
          data-ouia-component-id="OUIA-Generated-Text-10"
          data-ouia-component-type="PF4/Text"
          data-ouia-safe="true"
          data-pf-content="true"
        >
          Token endpoint URL
        </h6>
        <div
          class="pf-c-clipboard-copy"
        >
          <div
            class="pf-c-clipboard-copy__group"
          >
            <input
              aria-invalid="false"
              aria-label="Token endpoint URL"
              class="pf-c-form-control"
              data-ouia-component-id="OUIA-Generated-TextInputBase-2"
              data-ouia-component-type="PF4/TextInput"
              data-ouia-safe="true"
              id="text-input-1"
              readonly=""
              type="text"
              value="https://identify.api.stage.openshift.com/auth/realms/rhoas/protocol/openid-coonect/token"
            />
            <button
              aria-disabled="false"
              aria-label="Copy to clipboard"
              aria-labelledby="copy-button-1 text-input-1"
              class="pf-c-button pf-m-control"
              data-ouia-component-id="OUIA-Generated-Button-control-2"
              data-ouia-component-type="PF4/Button"
              data-ouia-safe="true"
              id="copy-button-1"
              type="button"
            >
              <svg
                aria-hidden="true"
                fill="currentColor"
                height="1em"
                role="img"
                style="vertical-align: -0.125em;"
                viewBox="0 0 448 512"
                width="1em"
              >
                <path
                  d="M320 448v40c0 13.255-10.745 24-24 24H24c-13.255 0-24-10.745-24-24V120c0-13.255 10.745-24 24-24h72v296c0 30.879 25.121 56 56 56h168zm0-344V0H152c-13.255 0-24 10.745-24 24v368c0 13.255 10.745 24 24 24h272c13.255 0 24-10.745 24-24V128H344c-13.2 0-24-10.8-24-24zm120.971-31.029L375.029 7.029A24 24 0 0 0 358.059 0H352v96h96v-6.059a24 24 0 0 0-7.029-16.97z"
                />
              </svg>
            </button>
          </div>
        </div>
      </div>
      <div
        class="pf-c-content pf-u-pb-sm"
      >
        <h4
          class="pf-u-mt-md"
          data-ouia-component-id="OUIA-Generated-Text-11"
          data-ouia-component-type="PF4/Text"
          data-ouia-safe="true"
          data-pf-content="true"
        >
          SASL/PLAIN
        </h4>
        <small
          class=""
          data-ouia-component-id="OUIA-Generated-Text-12"
          data-ouia-component-type="PF4/Text"
          data-ouia-safe="true"
          data-pf-content="true"
        >
          Use your service account credentials (Client ID and Client secret) as the user name and password to authenticate your client with the Kafka instance.
        </small>
      </div>
    </div>
  </div>
</body>
`;
