// Jest Snapshot v1, https://goo.gl/fbAQLP

exports[`ConnectionTab renders 1`] = `
<body>
  <div>
    <div
      class="mas--details__drawer--tab-content"
    >
      <div
        class="pf-c-content pf-u-pb-sm"
      >
        <small
          class=""
          data-ouia-component-id="OUIA-Generated-Text-1"
          data-ouia-component-type="PF4/Text"
          data-ouia-safe="true"
          data-pf-content="true"
        >
          Your application or tool initially connects to the Kafka instance using the bootstrap server and authenticates with your service account credentials. You can also access the Kafka instance by calling the REST API using a token obtained from Red Hat SSO.
        </small>
        <h3
          class="pf-u-mt-xl"
          data-ouia-component-id="OUIA-Generated-Text-2"
          data-ouia-component-type="PF4/Text"
          data-ouia-safe="true"
          data-pf-content="true"
        >
          Bootstrap server
        </h3>
        <small
          class=""
          data-ouia-component-id="OUIA-Generated-Text-3"
          data-ouia-component-type="PF4/Text"
          data-ouia-safe="true"
          data-pf-content="true"
        >
          Establish the initial connection between your client and Kafka instance.
        </small>
        <div
          class="pf-c-clipboard-copy"
          data-testid="drawerStreams-copyBootstrapURL"
        >
          <div
            class="pf-c-clipboard-copy__group"
          >
            <input
              aria-invalid="false"
              aria-label="Bootstrap server"
              class="pf-c-form-control"
              data-ouia-component-id="OUIA-Generated-TextInputBase-1"
              data-ouia-component-type="PF4/TextInput"
              data-ouia-safe="true"
              id="text-input-0"
              readonly=""
              type="text"
              value="hema-test-c-k-l-kafka-stage.rhcloud.com:443"
            />
            <button
              aria-disabled="false"
              aria-label="Copy to clipboard"
              aria-labelledby="copy-button-0 text-input-0"
              class="pf-c-button pf-m-control"
              data-ouia-component-id="OUIA-Generated-Button-control-1"
              data-ouia-component-type="PF4/Button"
              data-ouia-safe="true"
              id="copy-button-0"
              type="button"
            >
              <svg
                aria-hidden="true"
                fill="currentColor"
                height="1em"
                role="img"
                style="vertical-align: -0.125em;"
                viewBox="0 0 448 512"
                width="1em"
              >
                <path
                  d="M320 448v40c0 13.255-10.745 24-24 24H24c-13.255 0-24-10.745-24-24V120c0-13.255 10.745-24 24-24h72v296c0 30.879 25.121 56 56 56h168zm0-344V0H152c-13.255 0-24 10.745-24 24v368c0 13.255 10.745 24 24 24h272c13.255 0 24-10.745 24-24V128H344c-13.2 0-24-10.8-24-24zm120.971-31.029L375.029 7.029A24 24 0 0 0 358.059 0H352v96h96v-6.059a24 24 0 0 0-7.029-16.97z"
                />
              </svg>
            </button>
          </div>
        </div>
      </div>
      <div
        class="pf-c-content pf-u-pb-sm"
      >
        <h3
          class="pf-u-mt-xl"
          data-ouia-component-id="OUIA-Generated-Text-4"
          data-ouia-component-type="PF4/Text"
          data-ouia-safe="true"
          data-pf-content="true"
        >
          Service accounts
        </h3>
        <small
          class=""
          data-ouia-component-id="OUIA-Generated-Text-5"
          data-ouia-component-type="PF4/Text"
          data-ouia-safe="true"
          data-pf-content="true"
        >
          Create a service account to generate credentials. Manage the service accounts you create on the 
          <a
            data-testid="tableStreams-linkKafka"
            href="/to-service-account"
          >
            Service Accounts
          </a>
           page.
        </small>
      </div>
      <button
        aria-disabled="false"
        class="pf-c-button pf-m-secondary"
        data-ouia-component-id="OUIA-Generated-Button-secondary-1"
        data-ouia-component-type="PF4/Button"
        data-ouia-safe="true"
        data-testid="drawerStreams-buttonCreateServiceAccount"
        type="button"
      >
        Create service account
      </button>
      <div
        class="pf-c-content pf-u-pt-sm"
      >
        <small
          class=""
          data-ouia-component-id="OUIA-Generated-Text-6"
          data-ouia-component-type="PF4/Text"
          data-ouia-safe="true"
          data-pf-content="true"
        >
          Accounts do not have access to this instance unless granted under the instanceâ€™s 
          <a
            href="/to-access-tab"
          >
            Access tab
          </a>
          . The owner, the organization administrator, or users with the Allow Alter permission on this instance can manage access.
        </small>
      </div>
      <div
        class="pf-c-content pf-u-pb-sm"
      >
        <div
          class="pf-c-expandable-section pf-u-mt-lg"
        >
          <button
            aria-expanded="false"
            class="pf-c-expandable-section__toggle"
            type="button"
          >
            <span
              class="pf-c-expandable-section__toggle-icon"
            >
              <svg
                aria-hidden="true"
                fill="currentColor"
                height="1em"
                role="img"
                style="vertical-align: -0.125em;"
                viewBox="0 0 256 512"
                width="1em"
              >
                <path
                  d="M224.3 273l-136 136c-9.4 9.4-24.6 9.4-33.9 0l-22.6-22.6c-9.4-9.4-9.4-24.6 0-33.9l96.4-96.4-96.4-96.4c-9.4-9.4-9.4-24.6 0-33.9L54.3 103c9.4-9.4 24.6-9.4 33.9 0l136 136c9.5 9.4 9.5 24.6.1 34z"
                />
              </svg>
            </span>
            <span
              class="pf-c-expandable-section__toggle-text"
            >
              <div
                class="pf-c-content"
              >
                <h3
                  class="pf-c-content"
                  data-ouia-component-id="OUIA-Generated-Text-7"
                  data-ouia-component-type="PF4/Text"
                  data-ouia-safe="true"
                  data-pf-content="true"
                >
                  REST APIs
                </h3>
              </div>
            </span>
          </button>
          <div
            class="pf-c-expandable-section__content"
            hidden=""
            id=""
          >
            <div
              class="pf-c-content pf-u-pb-sm"
            >
              <small
                class=""
                data-ouia-component-id="OUIA-Generated-Text-8"
                data-ouia-component-type="PF4/Text"
                data-ouia-safe="true"
                data-pf-content="true"
              >
                Streams for Apache Kafka provides two REST APIs, one for accessing the Kafka instance and one for managing resources such as Kafka instances and services accounts.
              </small>
            </div>
            <div
              class="pf-c-content"
            >
              <strong>
                URL for Kafka Instance API
                <button
                  aria-disabled="false"
                  aria-label="More information about the URL for Kafka Instance API"
                  class="pf-c-button pf-m-plain"
                  data-ouia-component-id="OUIA-Generated-Button-plain-1"
                  data-ouia-component-type="PF4/Button"
                  data-ouia-safe="true"
                  type="button"
                >
                  <svg
                    aria-hidden="true"
                    fill="currentColor"
                    height="1em"
                    role="img"
                    style="vertical-align: -0.125em;"
                    viewBox="0 0 1024 1024"
                    width="1em"
                  >
                    <path
                      d="M521.3,576 C627.5,576 713.7,502 713.7,413.7 C713.7,325.4 627.6,253.6 521.3,253.6 C366,253.6 334.5,337.7 329.2,407.2 C329.2,414.3 335.2,416 343.5,416 L445,416 C450.5,416 458,415.5 460.8,406.5 C460.8,362.6 582.9,357.1 582.9,413.6 C582.9,441.9 556.2,470.9 521.3,473 C486.4,475.1 447.3,479.8 447.3,521.7 L447.3,553.8 C447.3,570.8 456.1,576 472,576 C487.9,576 521.3,576 521.3,576 M575.3,751.3 L575.3,655.3 C575.313862,651.055109 573.620137,646.982962 570.6,644 C567.638831,640.947672 563.552355,639.247987 559.3,639.29884 L463.3,639.29884 C459.055109,639.286138 454.982962,640.979863 452,644 C448.947672,646.961169 447.247987,651.047645 447.29884,655.3 L447.29884,751.3 C447.286138,755.544891 448.979863,759.617038 452,762.6 C454.961169,765.652328 459.047645,767.352013 463.3,767.30116 L559.3,767.30116 C563.544891,767.313862 567.617038,765.620137 570.6,762.6 C573.659349,759.643612 575.360354,755.553963 575.3,751.3 M512,896 C300.2,896 128,723.9 128,512 C128,300.3 300.2,128 512,128 C723.8,128 896,300.2 896,512 C896,723.8 723.7,896 512,896 M512.1,0 C229.7,0 0,229.8 0,512 C0,794.2 229.8,1024 512.1,1024 C794.4,1024 1024,794.3 1024,512 C1024,229.7 794.4,0 512.1,0"
                    />
                  </svg>
                </button>
              </strong>
              <div
                class="pf-c-clipboard-copy"
              >
                <div
                  class="pf-c-clipboard-copy__group"
                >
                  <input
                    aria-invalid="false"
                    aria-label="URL for Kafka Instance API"
                    class="pf-c-form-control"
                    data-ouia-component-id="OUIA-Generated-TextInputBase-2"
                    data-ouia-component-type="PF4/TextInput"
                    data-ouia-safe="true"
                    id="text-input-1"
                    readonly=""
                    type="text"
                    value="https://admin-server-[name of instance]-[domain]/openapi"
                  />
                  <button
                    aria-disabled="false"
                    aria-label="Copy to clipboard"
                    aria-labelledby="copy-button-1 text-input-1"
                    class="pf-c-button pf-m-control"
                    data-ouia-component-id="OUIA-Generated-Button-control-2"
                    data-ouia-component-type="PF4/Button"
                    data-ouia-safe="true"
                    id="copy-button-1"
                    type="button"
                  >
                    <svg
                      aria-hidden="true"
                      fill="currentColor"
                      height="1em"
                      role="img"
                      style="vertical-align: -0.125em;"
                      viewBox="0 0 448 512"
                      width="1em"
                    >
                      <path
                        d="M320 448v40c0 13.255-10.745 24-24 24H24c-13.255 0-24-10.745-24-24V120c0-13.255 10.745-24 24-24h72v296c0 30.879 25.121 56 56 56h168zm0-344V0H152c-13.255 0-24 10.745-24 24v368c0 13.255 10.745 24 24 24h272c13.255 0 24-10.745 24-24V128H344c-13.2 0-24-10.8-24-24zm120.971-31.029L375.029 7.029A24 24 0 0 0 358.059 0H352v96h96v-6.059a24 24 0 0 0-7.029-16.97z"
                      />
                    </svg>
                  </button>
                </div>
              </div>
              <div
                class="pf-c-content pf-u-pt-sm"
              >
                <small
                  class=""
                  data-ouia-component-id="OUIA-Generated-Text-9"
                  data-ouia-component-type="PF4/Text"
                  data-ouia-safe="true"
                  data-pf-content="true"
                >
                  Configure topics, consumer groups, and access for this Kafka instance.
                </small>
              </div>
            </div>
            <div
              class="pf-c-content pf-u-mt-md"
            >
              <strong>
                URL for Kafka Management API
                <button
                  aria-disabled="false"
                  aria-label="More information about the URL for Kafka Management API"
                  class="pf-c-button pf-m-plain"
                  data-ouia-component-id="OUIA-Generated-Button-plain-2"
                  data-ouia-component-type="PF4/Button"
                  data-ouia-safe="true"
                  type="button"
                >
                  <svg
                    aria-hidden="true"
                    fill="currentColor"
                    height="1em"
                    role="img"
                    style="vertical-align: -0.125em;"
                    viewBox="0 0 1024 1024"
                    width="1em"
                  >
                    <path
                      d="M521.3,576 C627.5,576 713.7,502 713.7,413.7 C713.7,325.4 627.6,253.6 521.3,253.6 C366,253.6 334.5,337.7 329.2,407.2 C329.2,414.3 335.2,416 343.5,416 L445,416 C450.5,416 458,415.5 460.8,406.5 C460.8,362.6 582.9,357.1 582.9,413.6 C582.9,441.9 556.2,470.9 521.3,473 C486.4,475.1 447.3,479.8 447.3,521.7 L447.3,553.8 C447.3,570.8 456.1,576 472,576 C487.9,576 521.3,576 521.3,576 M575.3,751.3 L575.3,655.3 C575.313862,651.055109 573.620137,646.982962 570.6,644 C567.638831,640.947672 563.552355,639.247987 559.3,639.29884 L463.3,639.29884 C459.055109,639.286138 454.982962,640.979863 452,644 C448.947672,646.961169 447.247987,651.047645 447.29884,655.3 L447.29884,751.3 C447.286138,755.544891 448.979863,759.617038 452,762.6 C454.961169,765.652328 459.047645,767.352013 463.3,767.30116 L559.3,767.30116 C563.544891,767.313862 567.617038,765.620137 570.6,762.6 C573.659349,759.643612 575.360354,755.553963 575.3,751.3 M512,896 C300.2,896 128,723.9 128,512 C128,300.3 300.2,128 512,128 C723.8,128 896,300.2 896,512 C896,723.8 723.7,896 512,896 M512.1,0 C229.7,0 0,229.8 0,512 C0,794.2 229.8,1024 512.1,1024 C794.4,1024 1024,794.3 1024,512 C1024,229.7 794.4,0 512.1,0"
                    />
                  </svg>
                </button>
              </strong>
              <div
                class="pf-c-clipboard-copy"
              >
                <div
                  class="pf-c-clipboard-copy__group"
                >
                  <input
                    aria-invalid="false"
                    aria-label="URL for Kafka Management API"
                    class="pf-c-form-control"
                    data-ouia-component-id="OUIA-Generated-TextInputBase-3"
                    data-ouia-component-type="PF4/TextInput"
                    data-ouia-safe="true"
                    id="text-input-2"
                    readonly=""
                    type="text"
                    value="https://api.openshift.com/api/kafkas_mgmt/v1/openapi"
                  />
                  <button
                    aria-disabled="false"
                    aria-label="Copy to clipboard"
                    aria-labelledby="copy-button-2 text-input-2"
                    class="pf-c-button pf-m-control"
                    data-ouia-component-id="OUIA-Generated-Button-control-3"
                    data-ouia-component-type="PF4/Button"
                    data-ouia-safe="true"
                    id="copy-button-2"
                    type="button"
                  >
                    <svg
                      aria-hidden="true"
                      fill="currentColor"
                      height="1em"
                      role="img"
                      style="vertical-align: -0.125em;"
                      viewBox="0 0 448 512"
                      width="1em"
                    >
                      <path
                        d="M320 448v40c0 13.255-10.745 24-24 24H24c-13.255 0-24-10.745-24-24V120c0-13.255 10.745-24 24-24h72v296c0 30.879 25.121 56 56 56h168zm0-344V0H152c-13.255 0-24 10.745-24 24v368c0 13.255 10.745 24 24 24h272c13.255 0 24-10.745 24-24V128H344c-13.2 0-24-10.8-24-24zm120.971-31.029L375.029 7.029A24 24 0 0 0 358.059 0H352v96h96v-6.059a24 24 0 0 0-7.029-16.97z"
                      />
                    </svg>
                  </button>
                </div>
              </div>
              <div
                class="pf-c-content pf-u-pt-sm"
              >
                <small
                  class=""
                  data-ouia-component-id="OUIA-Generated-Text-10"
                  data-ouia-component-type="PF4/Text"
                  data-ouia-safe="true"
                  data-pf-content="true"
                >
                  Manage Kafka instances and service accounts, and access metrics.
                </small>
              </div>
            </div>
          </div>
        </div>
      </div>
      <div
        class="pf-c-content pf-u-pb-sm"
      >
        <h3
          class="pf-u-mt-xl"
          data-ouia-component-id="OUIA-Generated-Text-11"
          data-ouia-component-type="PF4/Text"
          data-ouia-safe="true"
          data-pf-content="true"
        >
          Authentication method
        </h3>
        <h4
          class="pf-u-mt-md"
          data-ouia-component-id="OUIA-Generated-Text-12"
          data-ouia-component-type="PF4/Text"
          data-ouia-safe="true"
          data-pf-content="true"
        >
          SASL/OAUTHBEARER
           
          <span
            class="pf-c-label pf-m-green"
          >
            <span
              class="pf-c-label__content"
            >
              Recommended
            </span>
          </span>
          <button
            aria-disabled="false"
            aria-label="More information about SASL/OAUTHBEARER"
            class="pf-c-button pf-m-plain"
            data-ouia-component-id="OUIA-Generated-Button-plain-3"
            data-ouia-component-type="PF4/Button"
            data-ouia-safe="true"
            type="button"
          >
            <svg
              aria-hidden="true"
              fill="currentColor"
              height="1em"
              role="img"
              style="vertical-align: -0.125em;"
              viewBox="0 0 1024 1024"
              width="1em"
            >
              <path
                d="M521.3,576 C627.5,576 713.7,502 713.7,413.7 C713.7,325.4 627.6,253.6 521.3,253.6 C366,253.6 334.5,337.7 329.2,407.2 C329.2,414.3 335.2,416 343.5,416 L445,416 C450.5,416 458,415.5 460.8,406.5 C460.8,362.6 582.9,357.1 582.9,413.6 C582.9,441.9 556.2,470.9 521.3,473 C486.4,475.1 447.3,479.8 447.3,521.7 L447.3,553.8 C447.3,570.8 456.1,576 472,576 C487.9,576 521.3,576 521.3,576 M575.3,751.3 L575.3,655.3 C575.313862,651.055109 573.620137,646.982962 570.6,644 C567.638831,640.947672 563.552355,639.247987 559.3,639.29884 L463.3,639.29884 C459.055109,639.286138 454.982962,640.979863 452,644 C448.947672,646.961169 447.247987,651.047645 447.29884,655.3 L447.29884,751.3 C447.286138,755.544891 448.979863,759.617038 452,762.6 C454.961169,765.652328 459.047645,767.352013 463.3,767.30116 L559.3,767.30116 C563.544891,767.313862 567.617038,765.620137 570.6,762.6 C573.659349,759.643612 575.360354,755.553963 575.3,751.3 M512,896 C300.2,896 128,723.9 128,512 C128,300.3 300.2,128 512,128 C723.8,128 896,300.2 896,512 C896,723.8 723.7,896 512,896 M512.1,0 C229.7,0 0,229.8 0,512 C0,794.2 229.8,1024 512.1,1024 C794.4,1024 1024,794.3 1024,512 C1024,229.7 794.4,0 512.1,0"
              />
            </svg>
          </button>
        </h4>
        <small
          class=""
          data-ouia-component-id="OUIA-Generated-Text-13"
          data-ouia-component-type="PF4/Text"
          data-ouia-safe="true"
          data-pf-content="true"
        >
          Use your service account credentials and a token endpoint URL to authenticate your client with the Kafka instance.
        </small>
        <strong>
          Token endpoint URL
        </strong>
        <div
          class="pf-c-clipboard-copy"
        >
          <div
            class="pf-c-clipboard-copy__group"
          >
            <input
              aria-invalid="false"
              aria-label="Token endpoint URL"
              class="pf-c-form-control"
              data-ouia-component-id="OUIA-Generated-TextInputBase-4"
              data-ouia-component-type="PF4/TextInput"
              data-ouia-safe="true"
              id="text-input-3"
              readonly=""
              type="text"
              value="https://identify.api.stage.openshift.com/auth/realms/rhoas/protocol/openid-connect/token"
            />
            <button
              aria-disabled="false"
              aria-label="Copy to clipboard"
              aria-labelledby="copy-button-3 text-input-3"
              class="pf-c-button pf-m-control"
              data-ouia-component-id="OUIA-Generated-Button-control-4"
              data-ouia-component-type="PF4/Button"
              data-ouia-safe="true"
              id="copy-button-3"
              type="button"
            >
              <svg
                aria-hidden="true"
                fill="currentColor"
                height="1em"
                role="img"
                style="vertical-align: -0.125em;"
                viewBox="0 0 448 512"
                width="1em"
              >
                <path
                  d="M320 448v40c0 13.255-10.745 24-24 24H24c-13.255 0-24-10.745-24-24V120c0-13.255 10.745-24 24-24h72v296c0 30.879 25.121 56 56 56h168zm0-344V0H152c-13.255 0-24 10.745-24 24v368c0 13.255 10.745 24 24 24h272c13.255 0 24-10.745 24-24V128H344c-13.2 0-24-10.8-24-24zm120.971-31.029L375.029 7.029A24 24 0 0 0 358.059 0H352v96h96v-6.059a24 24 0 0 0-7.029-16.97z"
                />
              </svg>
            </button>
          </div>
        </div>
      </div>
      <div
        class="pf-c-content pf-u-pb-sm"
      >
        <h4
          class="pf-u-mt-md"
          data-ouia-component-id="OUIA-Generated-Text-14"
          data-ouia-component-type="PF4/Text"
          data-ouia-safe="true"
          data-pf-content="true"
        >
          SASL/PLAIN
        </h4>
        <small
          class=""
          data-ouia-component-id="OUIA-Generated-Text-15"
          data-ouia-component-type="PF4/Text"
          data-ouia-safe="true"
          data-pf-content="true"
        >
          Use your service account credentials (Client ID and Client secret) as the user name and password to authenticate your client with the Kafka instance.
        </small>
      </div>
    </div>
  </div>
  <div>
    <ul
      aria-atomic="false"
      aria-live="polite"
      class="pf-c-alert-group pf-m-toast"
    />
  </div>
</body>
`;
